// Jest Snapshot v1, https://goo.gl/fbAQLP

exports[`tagsDataSaga Saga should dispatch tagsLoadingError action if api request failed 1`] = `
Object {
  "@@redux-saga/IO": true,
  "CALL": Object {
    "args": Array [
      "https://conduit.productionready.io/api/tags",
    ],
    "context": null,
    "fn": [Function],
  },
}
`;

exports[`tagsDataSaga Saga should dispatch tagsLoadingError action if api request failed 2`] = `
Object {
  "@@redux-saga/IO": true,
  "PUT": Object {
    "action": Object {
      "tags": Array [
        "foo",
      ],
      "type": "app/PopularTags/TAGS_LOADED",
    },
    "channel": null,
  },
}
`;
